--- PREPARATION ---
08-01 22:47:49.431 26291 26291 I A05043/PCApp: APP_ABILITY_CREATED variant=replay
08-01 22:47:49.769 26291 26291 I A05043/PCApp: APP_PAGE_READY variant=replay
08-01 22:47:50.015 26291 26291 I A05043/PCApp: APP_LOAD_BEGIN generation=1
08-01 22:47:50.031 26291 26291 I A05043/PCApp: APP_NATIVE_BRIDGE_READY variant=replay
08-01 22:47:50.690 26291 26291 I A05043/PCApp: APP_DEBUG_STARTUP_PROBE_DELAY
08-01 22:47:51.271 26291 26291 I A05043/PCApp: APP_DEBUG_STARTUP_PROBE_DELAY
08-01 22:47:53.896 26291 26291 I A05043/PCApp: APP_STORAGE_READY teams=0 presets=0
08-01 22:47:54.283 26291 26291 I A05043/PCApp: APP_STAGE5_DATA_READY teams=0 presets=0
08-01 22:47:54.472 26291 26291 I A05043/PCApp: APP_DAMAGE_ENGINE_READY variant=replay

--- STARTUP AND REQUEST OVERLAP ---
08-01 22:48:19.884 26350 26350 I A05043/PCApp: APP_ABILITY_CREATED variant=replay
08-01 22:48:19.997 26350 26350 I A05043/PCApp: APP_PAGE_READY variant=replay
08-01 22:48:20.085 26350 26350 I A05043/PCApp: APP_LOAD_BEGIN generation=1
08-01 22:48:20.086 26350 26350 I A05043/PCApp: APP_NATIVE_BRIDGE_READY variant=replay
08-01 22:48:20.586 26350 26350 I A05043/PCApp: APP_DEBUG_STARTUP_PROBE_DELAY
08-01 22:48:21.689 26350 26350 I A05043/PCApp: APP_DEBUG_STARTUP_PROBE_DELAY
08-01 22:48:23.788 26350 26350 I A05043/PCApp: APP_STORAGE_READY teams=0 presets=0
08-01 22:48:24.160 26350 26350 I A05043/PCApp: APP_STAGE5_DATA_READY teams=0 presets=0
08-01 22:48:24.892 26350 26350 I A05043/PCApp: APP_DAMAGE_ENGINE_READY variant=replay
08-01 22:48:26.563 26350 26350 I A05043/PCApp: APP_UPDATE_BEGIN generation=1
08-01 22:48:26.563 26350 26350 I A05043/PCApp: APP_DEBUG_UPDATE_PROBE_DELAY
08-01 22:48:27.568 26350 26350 I A05043/PCApp: APP_CALC_BEGIN generation=1
08-01 22:48:27.586 26350 26350 I A05043/PCApp: APP_DEBUG_CALC_PROBE_DELAY
08-01 22:48:28.488 26350 26350 I A05043/PCApp: APP_CALC_READY generation=1 direction=OWN_TO_OPPONENT
08-01 22:48:29.179 26350 26350 I A05043/PCApp: APP_UPDATE_READY generation=1 kind=current
