--- PREPARATION ---
08-02 00:19:13.338 23210 23210 I A05043/PCApp: APP_ABILITY_CREATED variant=standard
08-02 00:19:13.508 23210 23210 I A05043/PCApp: APP_PAGE_READY variant=standard
08-02 00:19:13.793 23210 23210 I A05043/PCApp: APP_COMPONENT_APPEAR generation=1
08-02 00:19:13.796 23210 23210 I A05043/PCApp: APP_LOAD_BEGIN generation=1
08-02 00:19:13.797 23210 23210 I A05043/PCApp: APP_NATIVE_BRIDGE_READY variant=standard
08-02 00:19:14.952 23210 23210 I A05043/PCApp: APP_DEBUG_STARTUP_PROBE_DELAY
08-02 00:19:15.208 23210 23210 I A05043/PCApp: APP_DEBUG_STARTUP_PROBE_DELAY
08-02 00:19:18.154 23210 23210 I A05043/PCApp: APP_STORAGE_READY teams=0 presets=0
08-02 00:19:18.490 23210 23210 I A05043/PCApp: APP_STAGE5_DATA_READY teams=0 presets=0
08-02 00:19:18.490 23210 23210 I A05043/PCApp: APP_DAMAGE_ENGINE_READY variant=standard

--- STARTUP AND REQUEST OVERLAP ---
08-02 00:19:43.969 23259 23259 I A05043/PCApp: APP_ABILITY_CREATED variant=standard
08-02 00:19:44.075 23259 23259 I A05043/PCApp: APP_PAGE_READY variant=standard
08-02 00:19:44.167 23259 23259 I A05043/PCApp: APP_COMPONENT_APPEAR generation=1
08-02 00:19:44.169 23259 23259 I A05043/PCApp: APP_LOAD_BEGIN generation=1
08-02 00:19:44.170 23259 23259 I A05043/PCApp: APP_NATIVE_BRIDGE_READY variant=standard
08-02 00:19:44.666 23259 23259 I A05043/PCApp: APP_DEBUG_STARTUP_PROBE_DELAY
08-02 00:19:45.330 23259 23259 I A05043/PCApp: APP_DEBUG_STARTUP_PROBE_DELAY
08-02 00:19:47.870 23259 23259 I A05043/PCApp: APP_STORAGE_READY teams=0 presets=0
08-02 00:19:48.239 23259 23259 I A05043/PCApp: APP_STAGE5_DATA_READY teams=0 presets=0
08-02 00:19:48.531 23259 23259 I A05043/PCApp: APP_DAMAGE_ENGINE_READY variant=standard
08-02 00:19:49.893 23259 23259 I A05043/PCApp: APP_UPDATE_BEGIN generation=1
08-02 00:19:49.893 23259 23259 I A05043/PCApp: APP_DEBUG_UPDATE_PROBE_DELAY
08-02 00:19:50.860 23259 23259 I A05043/PCApp: APP_CALC_BEGIN generation=1
08-02 00:19:50.873 23259 23259 I A05043/PCApp: APP_DEBUG_CALC_PROBE_DELAY
08-02 00:19:51.776 23259 23259 I A05043/PCApp: APP_CALC_READY generation=1 direction=OWN_TO_OPPONENT
08-02 00:19:52.520 23259 23259 I A05043/PCApp: APP_UPDATE_READY generation=1 kind=current
